[
    {
        "Title": "A Tour of C++"
    },
    {
        "Title": "Automate The Boring Stuff With Python"
    },
    {
        "Title": "Delphi GUI Programming with FireMonkey"
    }
]
